77.220.192.26 - - [09/Jun/2024:22:22:54 +0200] "REQUESTS / HTTP/2.0" 200 8599 "-" "Mozilla/4.0 (compatible; MSIE 7.0; Windows NT 5.1; winfx; .NET CLR 1.1.4322; .NET CLR 2.0.50727; Zune 2.0)"
45.132.187.144 - - [09/Jun/2024:22:22:54 +0200] "REQUESTS / HTTP/2.0" 200 8645 "-" "SonyEricssonK310iv/R4DA Browser/NetFront/3.3 Profile/MIDP-2.0 Configuration/CLDC-1.1 UP.Link/6.3.1.13.0"
77.220.192.26 - - [09/Jun/2024:22:22:54 +0200] "REQUESTS / HTTP/2.0" 200 8582 "-" "Mozilla/4.0 (compatible; MSIE 7.0; Windows NT 5.1; winfx; .NET CLR 1.1.4322; .NET CLR 2.0.50727; Zune 2.0)"
185.61.218.199 - - [09/Jun/2024:22:22:54 +0200] "REQUESTS / HTTP/2.0" 200 8589 "-" "Mozilla/4.8 [en] (X11; U; IRIX64 6.5 IP27)"
77.220.192.26 - - [09/Jun/2024:22:22:55 +0200] "REQUESTS / HTTP/2.0" 200 8750 "-" "Mozilla/4.0 (compatible; MSIE 7.0; Windows NT 5.1; winfx; .NET CLR 1.1.4322; .NET CLR 2.0.50727; Zune 2.0)"
146.19.91.147 - - [09/Jun/2024:22:22:55 +0200] "REQUESTS / HTTP/2.0" 200 8583 "-" "Mozilla/5.0 (Linux; U; Android 4.3; en-us; SM-N900T Build/JSS15J) AppleWebKit/534.30 (KHTML, like Gecko) Version/4.0 Mobile Safari/534.30"
146.19.91.126 - - [09/Jun/2024:22:22:55 +0200] "REQUESTS / HTTP/2.0" 200 8584 "-" "Mozilla/5.0 (PLAYSTATION 3; 1.00)"
193.187.95.99 - - [09/Jun/2024:22:22:55 +0200] "REQUESTS / HTTP/2.0" 200 8621 "-" "Mozilla/5.0 (X11; U; Linux i686; en-US; rv:1.7.12) Gecko/20060205 Galeon/2.0.0 (Debian package 2.0.0-2)"
77.220.192.26 - - [09/Jun/2024:22:22:55 +0200] "REQUESTS / HTTP/2.0" 200 8621 "-" "Mozilla/4.0 (compatible; MSIE 7.0; Windows NT 5.1; winfx; .NET CLR 1.1.4322; .NET CLR 2.0.50727; Zune 2.0)"
141.98.84.125 - - [09/Jun/2024:22:22:55 +0200] "REQUESTS / HTTP/2.0" 200 8585 "-" "Mozilla/4.0 (compatible; MSIE 6.0; MSIE 5.5; Windows NT 5.0) Opera 7.02 Bork-edition [en]"
45.138.100.69 - - [09/Jun/2024:22:22:55 +0200] "REQUESTS / HTTP/2.0" 200 8645 "-" "Opera/9.80 (Linux armv7l) Presto/2.12.407 Version/12.51 , D50u-D1-UHD/V1.5.16-UHD (Vizio, D50u-D1, Wireless)"
141.98.84.125 - - [09/Jun/2024:22:22:55 +0200] "REQUESTS / HTTP/2.0" 200 8593 "-" "Mozilla/4.0 (compatible; MSIE 5.01; Windows NT 5.0)"
77.220.192.26 - - [09/Jun/2024:22:22:55 +0200] "REQUESTS / HTTP/2.0" 200 8596 "-" "Mozilla/4.0 (compatible; MSIE 7.0; Windows NT 5.1; winfx; .NET CLR 1.1.4322; .NET CLR 2.0.50727; Zune 2.0)"
193.202.87.34 - - [09/Jun/2024:22:22:55 +0200] "REQUESTS / HTTP/2.0" 200 8631 "-" "Mozilla/5.0 (Macintosh; Intel Mac OS X 10_13_6) AppleWebKit/537.36 (KHTML, like Gecko) Chrome/77.0.3865.90 Safari/537.36"
91.243.95.67 - - [09/Jun/2024:22:22:55 +0200] "REQUESTS / HTTP/2.0" 200 8602 "-" "Python-urllib/2.5"
141.98.84.125 - - [09/Jun/2024:22:22:55 +0200] "REQUESTS / HTTP/2.0" 200 8599 "-" "Mozilla/4.0 (compatible; MSIE 6.0; MSIE 5.5; Windows NT 5.0) Opera 7.02 Bork-edition [en]"
77.220.192.26 - - [09/Jun/2024:22:22:55 +0200] "REQUESTS / HTTP/2.0" 200 8593 "-" "Mozilla/4.0 (compatible; MSIE 7.0; Windows NT 5.1; winfx; .NET CLR 1.1.4322; .NET CLR 2.0.50727; Zune 2.0)"
193.202.10.41 - - [09/Jun/2024:22:22:55 +0200] "REQUESTS / HTTP/2.0" 200 8584 "-" "Mozilla/5.0 (Windows NT 6.1; WOW64; Trident/7.0; rv:11.0) like Gecko"
141.98.84.125 - - [09/Jun/2024:22:22:55 +0200] "REQUESTS / HTTP/2.0" 200 8596 "-" "Mozilla/4.0 (compatible; MSIE 5.01; Windows NT 5.0)"
193.187.95.99 - - [09/Jun/2024:22:22:55 +0200] "REQUESTS / HTTP/2.0" 200 8610 "-" "Mozilla/5.0 (X11; U; Linux i686; en-US; rv:1.7.12) Gecko/20060205 Galeon/2.0.0 (Debian package 2.0.0-2)"
77.243.91.61 - - [09/Jun/2024:22:22:55 +0200] "REQUESTS / HTTP/2.0" 200 8613 "-" "Mozilla/5.0 (Linux; U; Android 1.5; en-us; htc_bahamas Build/CRB17) AppleWebKit/528.5 (KHTML, like Gecko) Version/3.1.2 Mobile Safari/525.20.1"
193.202.87.34 - - [09/Jun/2024:22:22:55 +0200] "REQUESTS / HTTP/2.0" 200 8750 "-" "Mozilla/5.0 (Macintosh; Intel Mac OS X 10_13_6) AppleWebKit/537.36 (KHTML, like Gecko) Chrome/77.0.3865.90 Safari/537.36"
185.61.217.138 - - [09/Jun/2024:22:22:55 +0200] "REQUESTS / HTTP/2.0" 200 8597 "-" "Mozilla/5.0 (Windows NT 6.1; WOW64) AppleWebKit/535.7 (KHTML, like Gecko) Chrome/16.0.912.36 Safari/535.7"
141.98.84.125 - - [09/Jun/2024:22:22:56 +0200] "REQUESTS / HTTP/2.0" 200 8597 "-" "Mozilla/4.0 (compatible; MSIE 6.0; MSIE 5.5; Windows NT 5.0) Opera 7.02 Bork-edition [en]"
77.243.91.61 - - [09/Jun/2024:22:22:56 +0200] "REQUESTS / HTTP/2.0" 200 8597 "-" "Mozilla/5.0 (Linux; U; Android 1.5; en-us; htc_bahamas Build/CRB17) AppleWebKit/528.5 (KHTML, like Gecko) Version/3.1.2 Mobile Safari/525.20.1"
77.220.192.26 - - [09/Jun/2024:22:22:56 +0200] "REQUESTS / HTTP/2.0" 200 8643 "-" "Mozilla/4.0 (compatible; MSIE 7.0; Windows NT 5.1; winfx; .NET CLR 1.1.4322; .NET CLR 2.0.50727; Zune 2.0)"
178.20.30.173 - - [09/Jun/2024:22:22:56 +0200] "REQUESTS / HTTP/2.0" 200 8589 "-" "Links (2.1pre20; NetBSD 2.1_STABLE i386; 145x54)"
91.243.95.67 - - [09/Jun/2024:22:22:56 +0200] "REQUESTS / HTTP/2.0" 200 8597 "-" "Python-urllib/2.5"
141.98.84.125 - - [09/Jun/2024:22:22:56 +0200] "REQUESTS / HTTP/2.0" 200 8618 "-" "Mozilla/4.0 (compatible; MSIE 5.01; Windows NT 5.0)"
193.187.95.99 - - [09/Jun/2024:22:22:56 +0200] "REQUESTS / HTTP/2.0" 200 8582 "-" "Mozilla/5.0 (X11; U; Linux i686; en-US; rv:1.7.12) Gecko/20060205 Galeon/2.0.0 (Debian package 2.0.0-2)"
77.243.91.61 - - [09/Jun/2024:22:22:56 +0200] "REQUESTS / HTTP/2.0" 200 8599 "-" "Mozilla/5.0 (Linux; U; Android 1.5; en-us; htc_bahamas Build/CRB17) AppleWebKit/528.5 (KHTML, like Gecko) Version/3.1.2 Mobile Safari/525.20.1"
193.202.87.34 - - [09/Jun/2024:22:22:56 +0200] "REQUESTS / HTTP/2.0" 200 8602 "-" "Mozilla/5.0 (Macintosh; Intel Mac OS X 10_13_6) AppleWebKit/537.36 (KHTML, like Gecko) Chrome/77.0.3865.90 Safari/537.36"
193.233.89.174 - - [09/Jun/2024:22:22:56 +0200] "REQUESTS / HTTP/2.0" 200 8631 "-" "Opera/8.53 (Windows NT 5.1; U; en)"
185.61.217.138 - - [09/Jun/2024:22:22:56 +0200] "REQUESTS / HTTP/2.0" 200 8621 "-" "Mozilla/5.0 (Windows NT 6.1; WOW64) AppleWebKit/535.7 (KHTML, like Gecko) Chrome/16.0.912.36 Safari/535.7"
91.247.163.77 - - [09/Jun/2024:22:22:56 +0200] "REQUESTS / HTTP/2.0" 200 8585 "-" "Mozilla/5.0 (Macintosh; U; Intel Mac OS X 10_5_7;en-us) AppleWebKit/530.17 (KHTML, like Gecko) Version/4.0 Safari/530.17"
141.98.84.125 - - [09/Jun/2024:22:22:56 +0200] "REQUESTS / HTTP/2.0" 200 8593 "-" "Mozilla/4.0 (compatible; MSIE 6.0; MSIE 5.5; Windows NT 5.0) Opera 7.02 Bork-edition [en]"
77.243.91.61 - - [09/Jun/2024:22:22:56 +0200] "REQUESTS / HTTP/2.0" 200 8643 "-" "Mozilla/5.0 (Linux; U; Android 1.5; en-us; htc_bahamas Build/CRB17) AppleWebKit/528.5 (KHTML, like Gecko) Version/3.1.2 Mobile Safari/525.20.1"
77.220.192.26 - - [09/Jun/2024:22:22:56 +0200] "REQUESTS / HTTP/2.0" 200 8599 "-" "Mozilla/4.0 (compatible; MSIE 7.0; Windows NT 5.1; winfx; .NET CLR 1.1.4322; .NET CLR 2.0.50727; Zune 2.0)"
146.185.203.90 - - [09/Jun/2024:22:22:56 +0200] "REQUESTS / HTTP/2.0" 200 8599 "-" "Mozilla/5.0 (iPad; U; CPU OS 3_2 like Mac OS X; en-us) AppleWebKit/531.21.10 (KHTML, like Gecko) Version/4.0.4 Mobile/7B334b Safari/531.21.10"
91.243.95.67 - - [09/Jun/2024:22:22:56 +0200] "REQUESTS / HTTP/2.0" 200 8594 "-" "Python-urllib/2.5"
193.233.89.174 - - [09/Jun/2024:22:22:56 +0200] "REQUESTS / HTTP/2.0" 200 8618 "-" "Opera/8.53 (Windows NT 5.1; U; en)"
141.98.84.125 - - [09/Jun/2024:22:22:56 +0200] "REQUESTS / HTTP/2.0" 200 8594 "-" "Mozilla/4.0 (compatible; MSIE 5.01; Windows NT 5.0)"
185.61.217.138 - - [09/Jun/2024:22:22:56 +0200] "REQUESTS / HTTP/2.0" 200 8583 "-" "Mozilla/5.0 (Windows NT 6.1; WOW64) AppleWebKit/535.7 (KHTML, like Gecko) Chrome/16.0.912.36 Safari/535.7"
83.97.119.103 - - [09/Jun/2024:22:22:56 +0200] "REQUESTS / HTTP/2.0" 200 8621 "-" "Mozilla/5.0 (X11; U; FreeBSD; i386; en-US; rv:1.7) Gecko"
193.187.95.99 - - [09/Jun/2024:22:22:56 +0200] "REQUESTS / HTTP/2.0" 200 8584 "-" "Mozilla/5.0 (X11; U; Linux i686; en-US; rv:1.7.12) Gecko/20060205 Galeon/2.0.0 (Debian package 2.0.0-2)"
77.243.91.61 - - [09/Jun/2024:22:22:56 +0200] "REQUESTS / HTTP/2.0" 200 8594 "-" "Mozilla/5.0 (Linux; U; Android 1.5; en-us; htc_bahamas Build/CRB17) AppleWebKit/528.5 (KHTML, like Gecko) Version/3.1.2 Mobile Safari/525.20.1"
193.202.87.34 - - [09/Jun/2024:22:22:56 +0200] "REQUESTS / HTTP/2.0" 200 8583 "-" "Mozilla/5.0 (Macintosh; Intel Mac OS X 10_13_6) AppleWebKit/537.36 (KHTML, like Gecko) Chrome/77.0.3865.90 Safari/537.36"
193.233.89.174 - - [09/Jun/2024:22:22:56 +0200] "REQUESTS / HTTP/2.0" 200 8596 "-" "Opera/8.53 (Windows NT 5.1; U; en)"
141.98.84.125 - - [09/Jun/2024:22:22:56 +0200] "REQUESTS / HTTP/2.0" 200 8599 "-" "Mozilla/4.0 (compatible; MSIE 6.0; MSIE 5.5; Windows NT 5.0) Opera 7.02 Bork-edition [en]"
194.104.8.184 - - [09/Jun/2024:22:22:56 +0200] "REQUESTS / HTTP/2.0" 200 8614 "-" "Mozilla/5.0 (Windows NT 10.0; Win64; x64) AppleWebKit/537.36 (KHTML, like Gecko) Chrome/94.0.4606.81 Safari/537.36 OPR/80.0.4170.63"
77.220.192.26 - - [09/Jun/2024:22:22:56 +0200] "REQUESTS / HTTP/2.0" 200 8593 "-" "Mozilla/4.0 (compatible; MSIE 7.0; Windows NT 5.1; winfx; .NET CLR 1.1.4322; .NET CLR 2.0.50727; Zune 2.0)"
146.185.203.90 - - [09/Jun/2024:22:22:56 +0200] "REQUESTS / HTTP/2.0" 200 8589 "-" "Mozilla/5.0 (iPad; U; CPU OS 3_2 like Mac OS X; en-us) AppleWebKit/531.21.10 (KHTML, like Gecko) Version/4.0.4 Mobile/7B334b Safari/531.21.10"
85.239.51.58 - - [09/Jun/2024:22:22:55 +0200] "REQUESTS / HTTP/2.0" 200 8750 "-" "Mozilla/5.0 (iPhone; U; CPU iPhone OS 4_0 like Mac OS X; en-us) AppleWebKit/532.9 (KHTML, like Gecko) Version/4.0.5 Mobile/8A293 Safari/531.22.7"
193.202.10.41 - - [09/Jun/2024:22:22:56 +0200] "REQUESTS / HTTP/2.0" 200 8599 "-" "Mozilla/5.0 (Windows NT 6.1; WOW64; Trident/7.0; rv:11.0) like Gecko"
77.243.91.61 - - [09/Jun/2024:22:22:56 +0200] "REQUESTS / HTTP/2.0" 200 8583 "-" "Mozilla/5.0 (Linux; U; Android 1.5; en-us; htc_bahamas Build/CRB17) AppleWebKit/528.5 (KHTML, like Gecko) Version/3.1.2 Mobile Safari/525.20.1"
185.61.217.138 - - [09/Jun/2024:22:22:56 +0200] "REQUESTS / HTTP/2.0" 200 8645 "-" "Mozilla/5.0 (Windows NT 6.1; WOW64) AppleWebKit/535.7 (KHTML, like Gecko) Chrome/16.0.912.36 Safari/535.7"
91.243.95.67 - - [09/Jun/2024:22:22:56 +0200] "REQUESTS / HTTP/2.0" 200 8610 "-" "Python-urllib/2.5"
45.159.21.22 - - [09/Jun/2024:22:22:56 +0200] "REQUESTS / HTTP/2.0" 200 8596 "-" "Mozilla/5.0 (X11; U; Linux x86_64; en-US; rv:1.9.2.9) Gecko/20100915 Gentoo Firefox/3.6.9"
185.88.103.99 - - [09/Jun/2024:22:22:56 +0200] "REQUESTS / HTTP/2.0" 200 8643 "-" "tnftp/20050625"
217.145.226.208 - - [09/Jun/2024:22:22:56 +0200] "REQUESTS / HTTP/2.0" 200 8645 "-" "Lynx/2.8.5rel.5 libwww-FM/2.14 SSL-MM/1.4.1 OpenSSL/0.9.7i"
141.98.84.182 - - [09/Jun/2024:22:22:56 +0200] "REQUESTS / HTTP/2.0" 200 8589 "-" "Mozilla/5.0 (Windows NT 6.1) AppleWebKit/535.2 (KHTML, like Gecko) Chrome/18.6.872.0 Safari/535.2 UNTRUSTED/1.0 3gpp-gba UNTRUSTED/1.0"
217.145.224.194 - - [09/Jun/2024:22:22:56 +0200] "REQUESTS / HTTP/2.0" 200 8596 "-" "Mozilla/5.0 (Windows; U; Windows NT 5.0; de-DE; rv:1.7.12)"
83.97.118.69 - - [09/Jun/2024:22:22:56 +0200] "REQUESTS / HTTP/2.0" 200 8610 "-" "Nokia6100/1.0 (04.01) Profile/MIDP-1.0 Configuration/CLDC-1.0"
193.202.87.34 - - [09/Jun/2024:22:22:56 +0200] "REQUESTS / HTTP/2.0" 200 8593 "-" "Mozilla/5.0 (Macintosh; Intel Mac OS X 10_13_6) AppleWebKit/537.36 (KHTML, like Gecko) Chrome/77.0.3865.90 Safari/537.36"
77.243.91.61 - - [09/Jun/2024:22:22:56 +0200] "REQUESTS / HTTP/2.0" 200 8585 "-" "Mozilla/5.0 (Linux; U; Android 1.5; en-us; htc_bahamas Build/CRB17) AppleWebKit/528.5 (KHTML, like Gecko) Version/3.1.2 Mobile Safari/525.20.1"
193.202.81.55 - - [09/Jun/2024:22:22:56 +0200] "REQUESTS / HTTP/2.0" 200 8583 "-" "Mozilla/4.0 (compatible; MSIE 7.0; Windows NT 5.1; SV1; .NET CLR 1.1.4322; .NET CLR 2.0.50727)"
45.159.21.22 - - [09/Jun/2024:22:22:56 +0200] "REQUESTS / HTTP/2.0" 200 8583 "-" "Mozilla/5.0 (X11; U; Linux x86_64; en-US; rv:1.9.2.9) Gecko/20100915 Gentoo Firefox/3.6.9"
45.88.13.132 - - [09/Jun/2024:22:22:56 +0200] "REQUESTS / HTTP/2.0" 200 8593 "-" "Mozilla/5.0 (Macintosh; Intel Mac OS X 10.6; rv:2.0.1) Gecko/20100101 Firefox/4.0.1"
141.98.84.125 - - [09/Jun/2024:22:22:56 +0200] "REQUESTS / HTTP/2.0" 200 8599 "-" "Mozilla/4.0 (compatible; MSIE 6.0; MSIE 5.5; Windows NT 5.0) Opera 7.02 Bork-edition [en]"
146.185.203.90 - - [09/Jun/2024:22:22:56 +0200] "REQUESTS / HTTP/2.0" 200 8614 "-" "Mozilla/5.0 (iPad; U; CPU OS 3_2 like Mac OS X; en-us) AppleWebKit/531.21.10 (KHTML, like Gecko) Version/4.0.4 Mobile/7B334b Safari/531.21.10"
185.61.223.28 - - [09/Jun/2024:22:22:56 +0200] "REQUESTS / HTTP/2.0" 200 8602 "-" "Mozilla/5.0 (Windows; U; Windows NT 5.1; en-US; rv:1.7.10)"
147.78.181.100 - - [09/Jun/2024:22:22:56 +0200] "REQUESTS / HTTP/2.0" 200 8610 "-" "SAMSUNG-S8000/S8000XXIF3 SHP/VPP/R5 Jasmine/1.0 Nextreaming SMM-MMS/1.2.0 profile/MIDP-2.1 configuration/CLDC-1.1 FirePHP/0.3"
77.220.192.26 - - [09/Jun/2024:22:22:56 +0200] "REQUESTS / HTTP/2.0" 200 8597 "-" "Mozilla/4.0 (compatible; MSIE 7.0; Windows NT 5.1; winfx; .NET CLR 1.1.4322; .NET CLR 2.0.50727; Zune 2.0)"
194.104.8.184 - - [09/Jun/2024:22:22:56 +0200] "REQUESTS / HTTP/2.0" 200 8602 "-" "Mozilla/5.0 (Windows NT 10.0; Win64; x64) AppleWebKit/537.36 (KHTML, like Gecko) Chrome/94.0.4606.81 Safari/537.36 OPR/80.0.4170.63"
193.202.10.41 - - [09/Jun/2024:22:22:56 +0200] "REQUESTS / HTTP/2.0" 200 8602 "-" "Mozilla/5.0 (Windows NT 6.1; WOW64; Trident/7.0; rv:11.0) like Gecko"
83.97.118.69 - - [09/Jun/2024:22:22:56 +0200] "REQUESTS / HTTP/2.0" 200 8614 "-" "Nokia6100/1.0 (04.01) Profile/MIDP-1.0 Configuration/CLDC-1.0"
185.88.103.99 - - [09/Jun/2024:22:22:56 +0200] "REQUESTS / HTTP/2.0" 200 8585 "-" "tnftp/20050625"
193.187.94.151 - - [09/Jun/2024:22:22:56 +0200] "REQUESTS / HTTP/2.0" 200 8594 "-" "AppleTV5,3/9.1.1"
91.243.95.67 - - [09/Jun/2024:22:22:56 +0200] "REQUESTS / HTTP/2.0" 200 8599 "-" "Python-urllib/2.5"
193.187.95.99 - - [09/Jun/2024:22:22:56 +0200] "REQUESTS / HTTP/2.0" 200 8599 "-" "Mozilla/5.0 (X11; U; Linux i686; en-US; rv:1.7.12) Gecko/20060205 Galeon/2.0.0 (Debian package 2.0.0-2)"
217.145.226.208 - - [09/Jun/2024:22:22:56 +0200] "REQUESTS / HTTP/2.0" 200 8601 "-" "Lynx/2.8.5rel.5 libwww-FM/2.14 SSL-MM/1.4.1 OpenSSL/0.9.7i"
77.243.91.61 - - [09/Jun/2024:22:22:56 +0200] "REQUESTS / HTTP/2.0" 200 8597 "-" "Mozilla/5.0 (Linux; U; Android 1.5; en-us; htc_bahamas Build/CRB17) AppleWebKit/528.5 (KHTML, like Gecko) Version/3.1.2 Mobile Safari/525.20.1"
45.148.232.107 - - [09/Jun/2024:22:22:56 +0200] "REQUESTS / HTTP/2.0" 200 8593 "-" "Mozilla/5.0 (iPhone; U; CPU iPhone OS 4_3 like Mac OS X; de-de) AppleWebKit/533.17.9 (KHTML, like Gecko) Mobile/8F190"
45.88.13.132 - - [09/Jun/2024:22:22:56 +0200] "REQUESTS / HTTP/2.0" 200 8596 "-" "Mozilla/5.0 (Macintosh; Intel Mac OS X 10.6; rv:2.0.1) Gecko/20100101 Firefox/4.0.1"
193.202.87.34 - - [09/Jun/2024:22:22:56 +0200] "REQUESTS / HTTP/2.0" 200 8599 "-" "Mozilla/5.0 (Macintosh; Intel Mac OS X 10_13_6) AppleWebKit/537.36 (KHTML, like Gecko) Chrome/77.0.3865.90 Safari/537.36"
83.97.118.69 - - [09/Jun/2024:22:22:56 +0200] "REQUESTS / HTTP/2.0" 200 8589 "-" "Nokia6100/1.0 (04.01) Profile/MIDP-1.0 Configuration/CLDC-1.0"
91.247.163.77 - - [09/Jun/2024:22:22:56 +0200] "REQUESTS / HTTP/2.0" 200 8602 "-" "Mozilla/5.0 (Macintosh; U; Intel Mac OS X 10_5_7;en-us) AppleWebKit/530.17 (KHTML, like Gecko) Version/4.0 Safari/530.17"
193.202.81.55 - - [09/Jun/2024:22:22:56 +0200] "REQUESTS / HTTP/2.0" 200 8594 "-" "Mozilla/4.0 (compatible; MSIE 7.0; Windows NT 5.1; SV1; .NET CLR 1.1.4322; .NET CLR 2.0.50727)"
185.61.223.28 - - [09/Jun/2024:22:22:56 +0200] "REQUESTS / HTTP/2.0" 200 8593 "-" "Mozilla/5.0 (Windows; U; Windows NT 5.1; en-US; rv:1.7.10)"
146.185.203.90 - - [09/Jun/2024:22:22:56 +0200] "REQUESTS / HTTP/2.0" 200 8583 "-" "Mozilla/5.0 (iPad; U; CPU OS 3_2 like Mac OS X; en-us) AppleWebKit/531.21.10 (KHTML, like Gecko) Version/4.0.4 Mobile/7B334b Safari/531.21.10"
141.98.84.182 - - [09/Jun/2024:22:22:56 +0200] "REQUESTS / HTTP/2.0" 200 8599 "-" "Mozilla/5.0 (Windows NT 6.1) AppleWebKit/535.2 (KHTML, like Gecko) Chrome/18.6.872.0 Safari/535.2 UNTRUSTED/1.0 3gpp-gba UNTRUSTED/1.0"
77.243.91.61 - - [09/Jun/2024:22:22:56 +0200] "REQUESTS / HTTP/2.0" 200 8618 "-" "Mozilla/5.0 (Linux; U; Android 1.5; en-us; htc_bahamas Build/CRB17) AppleWebKit/528.5 (KHTML, like Gecko) Version/3.1.2 Mobile Safari/525.20.1"
185.88.103.99 - - [09/Jun/2024:22:22:56 +0200] "REQUESTS / HTTP/2.0" 200 8594 "-" "tnftp/20050625"
83.97.117.148 - - [09/Jun/2024:22:22:56 +0200] "REQUESTS / HTTP/2.0" 200 8645 "-" "Mozilla/4.0 (compatible; MSIE 7.0; Windows NT 6.0; Trident/5.0)"
217.145.226.208 - - [09/Jun/2024:22:22:56 +0200] "REQUESTS / HTTP/2.0" 200 8613 "-" "Lynx/2.8.5rel.5 libwww-FM/2.14 SSL-MM/1.4.1 OpenSSL/0.9.7i"
194.104.8.184 - - [09/Jun/2024:22:22:56 +0200] "REQUESTS / HTTP/2.0" 200 8582 "-" "Mozilla/5.0 (Windows NT 10.0; Win64; x64) AppleWebKit/537.36 (KHTML, like Gecko) Chrome/94.0.4606.81 Safari/537.36 OPR/80.0.4170.63"
193.202.14.166 - - [09/Jun/2024:22:22:56 +0200] "REQUESTS / HTTP/2.0" 200 8585 "-" "Mozilla/5.0 (iPhone; U; CPU iPhone OS 3_0 like Mac OS X; en-us) AppleWebKit/528.18 (KHTML, like Gecko) Version/4.0 Mobile/7A341 Safari/528.16"
193.202.10.41 - - [09/Jun/2024:22:22:56 +0200] "REQUESTS / HTTP/2.0" 200 8618 "-" "Mozilla/5.0 (Windows NT 6.1; WOW64; Trident/7.0; rv:11.0) like Gecko"
83.97.118.69 - - [09/Jun/2024:22:22:56 +0200] "REQUESTS / HTTP/2.0" 200 8585 "-" "Nokia6100/1.0 (04.01) Profile/MIDP-1.0 Configuration/CLDC-1.0"
83.97.116.32 - - [09/Jun/2024:22:22:56 +0200] "REQUESTS / HTTP/2.0" 200 8618 "-" "SonyEricssonW810i/R4EA Browser/NetFront/3.3 Profile/MIDP-2.0 Configuration/CLDC-1.1 UP.Link/6.3.0.0.0"
91.243.95.67 - - [09/Jun/2024:22:22:56 +0200] "REQUESTS / HTTP/2.0" 200 8750 "-" "Python-urllib/2.5"
85.239.51.156 - - [09/Jun/2024:22:22:56 +0200] "REQUESTS / HTTP/2.0" 200 8584 "-" "NetBSD-ftp/20031210"
45.148.232.107 - - [09/Jun/2024:22:22:56 +0200] "REQUESTS / HTTP/2.0" 200 8599 "-" "Mozilla/5.0 (iPhone; U; CPU iPhone OS 4_3 like Mac OS X; de-de) AppleWebKit/533.17.9 (KHTML, like Gecko) Mobile/8F190"
91.247.163.77 - - [09/Jun/2024:22:22:56 +0200] "REQUESTS / HTTP/2.0" 200 8583 "-" "Mozilla/5.0 (Macintosh; U; Intel Mac OS X 10_5_7;en-us) AppleWebKit/530.17 (KHTML, like Gecko) Version/4.0 Safari/530.17"
77.243.91.61 - - [09/Jun/2024:22:22:56 +0200] "REQUESTS / HTTP/2.0" 200 8618 "-" "Mozilla/5.0 (Linux; U; Android 1.5; en-us; htc_bahamas Build/CRB17) AppleWebKit/528.5 (KHTML, like Gecko) Version/3.1.2 Mobile Safari/525.20.1"
45.159.20.49 - - [09/Jun/2024:22:22:56 +0200] "REQUESTS / HTTP/2.0" 200 8599 "-" "Mozilla/5.0 (X11; Linux x86_64) AppleWebKit/536.5 (KHTML, like Gecko) Chrome/19.0.1084.9 Safari/536.5"
193.202.81.178 - - [09/Jun/2024:22:22:56 +0200] "REQUESTS / HTTP/2.0" 200 8597 "-" "Mozilla/5.0 (Windows NT 6.1; WOW64) AppleWebKit/537.36 (KHTML, like Gecko) Chrome/47.0.2526.111 Safari/537.36"
185.89.43.243 - - [09/Jun/2024:22:22:56 +0200] "REQUESTS / HTTP/2.0" 200 8643 "-" "Nokia6100/1.0 (04.01) Profile/MIDP-1.0 Configuration/CLDC-1.0"
193.202.81.55 - - [09/Jun/2024:22:22:56 +0200] "REQUESTS / HTTP/2.0" 200 8631 "-" "Mozilla/4.0 (compatible; MSIE 7.0; Windows NT 5.1; SV1; .NET CLR 1.1.4322; .NET CLR 2.0.50727)"
146.185.203.90 - - [09/Jun/2024:22:22:56 +0200] "REQUESTS / HTTP/2.0" 200 8645 "-" "Mozilla/5.0 (iPad; U; CPU OS 3_2 like Mac OS X; en-us) AppleWebKit/531.21.10 (KHTML, like Gecko) Version/4.0.4 Mobile/7B334b Safari/531.21.10"
185.61.223.28 - - [09/Jun/2024:22:22:56 +0200] "REQUESTS / HTTP/2.0" 200 8599 "-" "Mozilla/5.0 (Windows; U; Windows NT 5.1; en-US; rv:1.7.10)"
213.108.0.83 - - [09/Jun/2024:22:22:56 +0200] "REQUESTS / HTTP/2.0" 200 8583 "-" "Mozilla/5.0 (Windows NT 10.0; Win64; x64) AppleWebKit/537.36 (KHTML, like Gecko) Chrome/64.0.3282.140 Safari/537.36 Edge/18.17763"
45.140.205.29 - - [09/Jun/2024:22:22:56 +0200] "REQUESTS / HTTP/2.0" 200 8643 "-" "Mozilla/4.0 (compatible; MSIE 8.0; Windows NT 6.1; WOW64; Trident/4.0; SLCC2; .NET CLR 2.0.50727; InfoPath.2)"
45.159.21.22 - - [09/Jun/2024:22:22:57 +0200] "REQUESTS / HTTP/2.0" 200 8582 "-" "Mozilla/5.0 (X11; U; Linux x86_64; en-US; rv:1.9.2.9) Gecko/20100915 Gentoo Firefox/3.6.9"
185.212.115.133 - - [09/Jun/2024:22:22:56 +0200] "REQUESTS / HTTP/2.0" 200 8599 "-" "Mozilla/4.0 (compatible; MSIE 6.0; Windows NT 5.2; de) Opera 8.53"
83.97.118.69 - - [09/Jun/2024:22:22:57 +0200] "REQUESTS / HTTP/2.0" 200 8582 "-" "Nokia6100/1.0 (04.01) Profile/MIDP-1.0 Configuration/CLDC-1.0"
212.119.47.154 - - [09/Jun/2024:22:22:57 +0200] "REQUESTS / HTTP/2.0" 200 8643 "-" "msnbot/1.1 ( http://search.msn.com/msnbot.htm)"
91.247.163.77 - - [09/Jun/2024:22:22:57 +0200] "REQUESTS / HTTP/2.0" 200 8597 "-" "Mozilla/5.0 (Macintosh; U; Intel Mac OS X 10_5_7;en-us) AppleWebKit/530.17 (KHTML, like Gecko) Version/4.0 Safari/530.17"
141.98.84.182 - - [09/Jun/2024:22:22:57 +0200] "REQUESTS / HTTP/2.0" 200 8618 "-" "Mozilla/5.0 (Windows NT 6.1) AppleWebKit/535.2 (KHTML, like Gecko) Chrome/18.6.872.0 Safari/535.2 UNTRUSTED/1.0 3gpp-gba UNTRUSTED/1.0"
185.68.153.172 - - [09/Jun/2024:22:22:57 +0200] "REQUESTS / HTTP/2.0" 200 8585 "-" "Mozilla/5.0 (Windows NT 10.0; Win64; x64) AppleWebKit/537.36 (KHTML, like Gecko) Chrome/66.0.3359.170 Safari/537.36 OPR/53.0.2907.99"
217.145.226.208 - - [09/Jun/2024:22:22:57 +0200] "REQUESTS / HTTP/2.0" 200 8599 "-" "Lynx/2.8.5rel.5 libwww-FM/2.14 SSL-MM/1.4.1 OpenSSL/0.9.7i"
185.50.251.104 - - [09/Jun/2024:22:22:57 +0200] "REQUESTS / HTTP/2.0" 200 8597 "-" "Mozilla/4.0 (compatible; MSIE 6.0; Windows NT 5.2; SV1; .NET CLR 1.1.4322; InfoPath.1; .NET CLR 2.0.50727)"
45.140.207.207 - - [09/Jun/2024:22:22:57 +0200] "REQUESTS / HTTP/2.0" 200 8645 "-" "Mozilla/5.0 (X11; Linux x86_64; rv:11.0a2) Gecko/20111230 Firefox/11.0a2 Iceweasel/11.0a2"
45.148.232.107 - - [09/Jun/2024:22:22:57 +0200] "REQUESTS / HTTP/2.0" 200 8589 "-" "Mozilla/5.0 (iPhone; U; CPU iPhone OS 4_3 like Mac OS X; de-de) AppleWebKit/533.17.9 (KHTML, like Gecko) Mobile/8F190"
193.187.95.99 - - [09/Jun/2024:22:22:57 +0200] "REQUESTS / HTTP/2.0" 200 8597 "-" "Mozilla/5.0 (X11; U; Linux i686; en-US; rv:1.7.12) Gecko/20060205 Galeon/2.0.0 (Debian package 2.0.0-2)"
193.202.81.178 - - [09/Jun/2024:22:22:57 +0200] "REQUESTS / HTTP/2.0" 200 8621 "-" "Mozilla/5.0 (Windows NT 6.1; WOW64) AppleWebKit/537.36 (KHTML, like Gecko) Chrome/47.0.2526.111 Safari/537.36"
45.159.21.22 - - [09/Jun/2024:22:22:57 +0200] "REQUESTS / HTTP/2.0" 200 8750 "-" "Mozilla/5.0 (X11; U; Linux x86_64; en-US; rv:1.9.2.9) Gecko/20100915 Gentoo Firefox/3.6.9"
194.104.8.184 - - [09/Jun/2024:22:22:57 +0200] "REQUESTS / HTTP/2.0" 200 8596 "-" "Mozilla/5.0 (Windows NT 10.0; Win64; x64) AppleWebKit/537.36 (KHTML, like Gecko) Chrome/94.0.4606.81 Safari/537.36 OPR/80.0.4170.63"
193.202.10.41 - - [09/Jun/2024:22:22:57 +0200] "REQUESTS / HTTP/2.0" 200 8645 "-" "Mozilla/5.0 (Windows NT 6.1; WOW64; Trident/7.0; rv:11.0) like Gecko"
185.61.223.28 - - [09/Jun/2024:22:22:57 +0200] "REQUESTS / HTTP/2.0" 200 8583 "-" "Mozilla/5.0 (Windows; U; Windows NT 5.1; en-US; rv:1.7.10)"
45.132.187.245 - - [09/Jun/2024:22:22:57 +0200] "REQUESTS / HTTP/2.0" 200 8599 "-" "Mozilla/5.0 (compatible; Konqueror/3.5; Linux 2.6.30-7.dmz.1-liquorix-686; X11) KHTML/3.5.10 (like Gecko) (Debian package 4:3.5.10.dfsg.1-1 b1)"
83.97.118.69 - - [09/Jun/2024:22:22:57 +0200] "REQUESTS / HTTP/2.0" 200 8601 "-" "Nokia6100/1.0 (04.01) Profile/MIDP-1.0 Configuration/CLDC-1.0"
146.185.203.90 - - [09/Jun/2024:22:22:57 +0200] "REQUESTS / HTTP/2.0" 200 8645 "-" "Mozilla/5.0 (iPad; U; CPU OS 3_2 like Mac OS X; en-us) AppleWebKit/531.21.10 (KHTML, like Gecko) Version/4.0.4 Mobile/7B334b Safari/531.21.10"
45.159.20.49 - - [09/Jun/2024:22:22:57 +0200] "REQUESTS / HTTP/2.0" 200 8614 "-" "Mozilla/5.0 (X11; Linux x86_64) AppleWebKit/536.5 (KHTML, like Gecko) Chrome/19.0.1084.9 Safari/536.5"
91.247.163.77 - - [09/Jun/2024:22:22:57 +0200] "REQUESTS / HTTP/2.0" 200 8583 "-" "Mozilla/5.0 (Macintosh; U; Intel Mac OS X 10_5_7;en-us) AppleWebKit/530.17 (KHTML, like Gecko) Version/4.0 Safari/530.17"
185.68.153.172 - - [09/Jun/2024:22:22:57 +0200] "REQUESTS / HTTP/2.0" 200 8614 "-" "Mozilla/5.0 (Windows NT 10.0; Win64; x64) AppleWebKit/537.36 (KHTML, like Gecko) Chrome/66.0.3359.170 Safari/537.36 OPR/53.0.2907.99"
212.119.47.46 - - [09/Jun/2024:22:22:57 +0200] "REQUESTS / HTTP/2.0" 200 8614 "-" "Mozilla/4.0 (compatible; MSIE 6.0; Windows NT 5.1; SV1; .NET CLR 2.0.50727; .NET4.0C; .NET4.0E"
193.9.158.83 - - [09/Jun/2024:22:22:57 +0200] "REQUESTS / HTTP/2.0" 200 8585 "-" "SiteBar/3.3.8 (Bookmark Server; http://sitebar.org/)"
185.88.103.99 - - [09/Jun/2024:22:22:57 +0200] "REQUESTS / HTTP/2.0" 200 8631 "-" "tnftp/20050625"
185.89.43.243 - - [09/Jun/2024:22:22:57 +0200] "REQUESTS / HTTP/2.0" 200 8589 "-" "Nokia6100/1.0 (04.01) Profile/MIDP-1.0 Configuration/CLDC-1.0"
185.88.37.100 - - [09/Jun/2024:22:22:57 +0200] "REQUESTS / HTTP/2.0" 200 8618 "-" "Mozilla/5.0 (iPhone9,3; U; CPU iPhone OS 10_0_1 like Mac OS X) AppleWebKit/602.1.50 (KHTML, like Gecko) Version/10.0 Mobile/14A403 Safari/602.1"
213.108.0.83 - - [09/Jun/2024:22:22:57 +0200] "REQUESTS / HTTP/2.0" 200 8596 "-" "Mozilla/5.0 (Windows NT 10.0; Win64; x64) AppleWebKit/537.36 (KHTML, like Gecko) Chrome/64.0.3282.140 Safari/537.36 Edge/18.17763"
217.145.226.208 - - [09/Jun/2024:22:22:57 +0200] "REQUESTS / HTTP/2.0" 200 8631 "-" "Lynx/2.8.5rel.5 libwww-FM/2.14 SSL-MM/1.4.1 OpenSSL/0.9.7i"
193.202.14.166 - - [09/Jun/2024:22:22:57 +0200] "REQUESTS / HTTP/2.0" 200 8599 "-" "Mozilla/5.0 (iPhone; U; CPU iPhone OS 3_0 like Mac OS X; en-us) AppleWebKit/528.18 (KHTML, like Gecko) Version/4.0 Mobile/7A341 Safari/528.16"
45.132.186.81 - - [09/Jun/2024:22:22:57 +0200] "REQUESTS / HTTP/2.0" 200 8621 "-" "Mozilla/5.0 (compatible; Exabot/3.0; http://www.exabot.com/go/robot)"
45.159.21.22 - - [09/Jun/2024:22:22:57 +0200] "REQUESTS / HTTP/2.0" 200 8582 "-" "Mozilla/5.0 (X11; U; Linux x86_64; en-US; rv:1.9.2.9) Gecko/20100915 Gentoo Firefox/3.6.9"
45.148.232.107 - - [09/Jun/2024:22:22:57 +0200] "REQUESTS / HTTP/2.0" 200 8594 "-" "Mozilla/5.0 (iPhone; U; CPU iPhone OS 4_3 like Mac OS X; de-de) AppleWebKit/533.17.9 (KHTML, like Gecko) Mobile/8F190"
193.151.189.187 - - [09/Jun/2024:22:22:57 +0200] "REQUESTS / HTTP/2.0" 200 8582 "-" "Mozilla/4.0 (compatible; MSIE 7.0; Windows NT 5.1; .NET CLR 1.1.4322; .NET CLR 2.0.50727; .NET CLR 3.0.04506.30)"
45.132.187.144 - - [09/Jun/2024:22:22:57 +0200] "REQUESTS / HTTP/2.0" 200 8618 "-" "Mozilla/5.0 (Windows; U; Windows NT 6.0; en-US; rv:1.9.1.6) Gecko/20091201 Firefox/3.5.6 GTB5"
45.140.207.207 - - [09/Jun/2024:22:22:57 +0200] "REQUESTS / HTTP/2.0" 200 8645 "-" "Mozilla/5.0 (X11; Linux x86_64; rv:11.0a2) Gecko/20111230 Firefox/11.0a2 Iceweasel/11.0a2"
45.148.124.76 - - [09/Jun/2024:22:22:57 +0200] "REQUESTS / HTTP/2.0" 200 8621 "-" "Mozilla/5.0 (Windows NT 10.0; Win64; x64) AppleWebKit/537.36 (KHTML, like Gecko) Chrome/70.0.3538.102 Safari/537.36 Edge/18.18362"
83.97.118.69 - - [09/Jun/2024:22:22:57 +0200] "REQUESTS / HTTP/2.0" 200 8599 "-" "Nokia6100/1.0 (04.01) Profile/MIDP-1.0 Configuration/CLDC-1.0"
193.202.81.178 - - [09/Jun/2024:22:22:57 +0200] "REQUESTS / HTTP/2.0" 200 8589 "-" "Mozilla/5.0 (Windows NT 6.1; WOW64) AppleWebKit/537.36 (KHTML, like Gecko) Chrome/47.0.2526.111 Safari/537.36"
45.10.167.242 - - [09/Jun/2024:22:22:56 +0200] "REQUESTS / HTTP/2.0" 200 8597 "-" "EmailWolf 1.00"
91.243.95.67 - - [09/Jun/2024:22:22:57 +0200] "REQUESTS / HTTP/2.0" 200 8599 "-" "Python-urllib/2.5"
91.247.163.77 - - [09/Jun/2024:22:22:57 +0200] "REQUESTS / HTTP/2.0" 200 8645 "-" "Mozilla/5.0 (Macintosh; U; Intel Mac OS X 10_5_7;en-us) AppleWebKit/530.17 (KHTML, like Gecko) Version/4.0 Safari/530.17"
193.187.95.99 - - [09/Jun/2024:22:22:57 +0200] "REQUESTS / HTTP/2.0" 200 8602 "-" "Mozilla/5.0 (X11; U; Linux i686; en-US; rv:1.7.12) Gecko/20060205 Galeon/2.0.0 (Debian package 2.0.0-2)"
146.185.203.90 - - [09/Jun/2024:22:22:57 +0200] "REQUESTS / HTTP/2.0" 200 8583 "-" "Mozilla/5.0 (iPad; U; CPU OS 3_2 like Mac OS X; en-us) AppleWebKit/531.21.10 (KHTML, like Gecko) Version/4.0.4 Mobile/7B334b Safari/531.21.10"
185.68.154.83 - - [09/Jun/2024:22:22:57 +0200] "REQUESTS / HTTP/2.0" 200 8584 "-" "Mozilla/5.0 (Linux; U; Android 2.2; en-us; Nexus One Build/FRF91) AppleWebKit/533.1 (KHTML, like Gecko) Version/4.0 Mobile Safari/533.1"
46.253.131.33 - - [09/Jun/2024:22:22:57 +0200] "REQUESTS / HTTP/2.0" 200 8597 "-" "Mozilla/4.0(compatible; MSIE 5.0; Windows 98; DigExt)"
45.159.20.49 - - [09/Jun/2024:22:22:57 +0200] "REQUESTS / HTTP/2.0" 200 8583 "-" "Mozilla/5.0 (X11; Linux x86_64) AppleWebKit/536.5 (KHTML, like Gecko) Chrome/19.0.1084.9 Safari/536.5"
147.78.181.100 - - [09/Jun/2024:22:22:57 +0200] "REQUESTS / HTTP/2.0" 200 8599 "-" "SAMSUNG-S8000/S8000XXIF3 SHP/VPP/R5 Jasmine/1.0 Nextreaming SMM-MMS/1.2.0 profile/MIDP-2.1 configuration/CLDC-1.1 FirePHP/0.3"
194.104.8.184 - - [09/Jun/2024:22:22:57 +0200] "REQUESTS / HTTP/2.0" 200 8597 "-" "Mozilla/5.0 (Windows NT 10.0; Win64; x64) AppleWebKit/537.36 (KHTML, like Gecko) Chrome/94.0.4606.81 Safari/537.36 OPR/80.0.4170.63"
46.161.57.167 - - [09/Jun/2024:22:22:57 +0200] "REQUESTS / HTTP/2.0" 200 8599 "-" "Mozilla/5.0 (Windows NT 10.0; WOW64) AppleWebKit/537.36 (KHTML, like Gecko) Chrome/76.0.3809.132 YaBrowser/19.9.3.314 Yowser/2.5 Safari/537.36"
193.202.10.41 - - [09/Jun/2024:22:22:57 +0200] "REQUESTS / HTTP/2.0" 200 8599 "-" "Mozilla/5.0 (Windows NT 6.1; WOW64; Trident/7.0; rv:11.0) like Gecko"
45.159.21.22 - - [09/Jun/2024:22:22:57 +0200] "REQUESTS / HTTP/2.0" 200 8645 "-" "Mozilla/5.0 (X11; U; Linux x86_64; en-US; rv:1.9.2.9) Gecko/20100915 Gentoo Firefox/3.6.9"
212.119.47.154 - - [09/Jun/2024:22:22:57 +0200] "REQUESTS / HTTP/2.0" 200 8599 "-" "msnbot/1.1 ( http://search.msn.com/msnbot.htm)"
46.161.57.138 - - [09/Jun/2024:22:22:57 +0200] "REQUESTS / HTTP/2.0" 200 8596 "-" "Mozilla/5.0 (Symbian/3; Series60/5.2 NokiaN8-00/014.002; Profile/MIDP-2.1 Configuration/CLDC-1.1; en-us) AppleWebKit/525 (KHTML, like Gecko) Version/3.0 BrowserNG/7.2.6.4 3gpp-gba"
45.140.205.188 - - [09/Jun/2024:22:22:57 +0200] "REQUESTS / HTTP/2.0" 200 8645 "-" "Mozilla/5.0 (Windows NT 10.0; Win64; x64) AppleWebKit/537.36 (KHTML, like Gecko) Chrome/93.0.4577.82 Safari/537.36 OPR/79.0.4143.72"
83.97.118.69 - - [09/Jun/2024:22:22:57 +0200] "REQUESTS / HTTP/2.0" 200 8610 "-" "Nokia6100/1.0 (04.01) Profile/MIDP-1.0 Configuration/CLDC-1.0"
83.97.117.148 - - [09/Jun/2024:22:22:57 +0200] "REQUESTS / HTTP/2.0" 200 8601 "-" "Mozilla/4.0 (compatible; MSIE 7.0; Windows NT 6.0; Trident/5.0)"
185.50.251.18 - - [09/Jun/2024:22:22:57 +0200] "REQUESTS / HTTP/2.0" 200 8750 "-" "Mozilla/5.0 (Windows NT 6.2) AppleWebKit/535.7 (KHTML, like Gecko) Comodo_Dragon/16.1.1.0 Chrome/16.0.912.63 Safari/535.7"
185.88.103.99 - - [09/Jun/2024:22:22:57 +0200] "REQUESTS / HTTP/2.0" 200 8601 "-" "tnftp/20050625"
45.88.13.132 - - [09/Jun/2024:22:22:57 +0200] "REQUESTS / HTTP/2.0" 200 8601 "-" "Mozilla/5.0 (Macintosh; Intel Mac OS X 10.6; rv:2.0.1) Gecko/20100101 Firefox/4.0.1"
217.145.226.208 - - [09/Jun/2024:22:22:57 +0200] "REQUESTS / HTTP/2.0" 200 8593 "-" "Lynx/2.8.5rel.5 libwww-FM/2.14 SSL-MM/1.4.1 OpenSSL/0.9.7i"
91.247.163.77 - - [09/Jun/2024:22:22:57 +0200] "REQUESTS / HTTP/2.0" 200 8597 "-" "Mozilla/5.0 (Macintosh; U; Intel Mac OS X 10_5_7;en-us) AppleWebKit/530.17 (KHTML, like Gecko) Version/4.0 Safari/530.17"
213.108.0.83 - - [09/Jun/2024:22:22:57 +0200] "REQUESTS / HTTP/2.0" 200 8583 "-" "Mozilla/5.0 (Windows NT 10.0; Win64; x64) AppleWebKit/537.36 (KHTML, like Gecko) Chrome/64.0.3282.140 Safari/537.36 Edge/18.17763"
45.140.207.207 - - [09/Jun/2024:22:22:57 +0200] "REQUESTS / HTTP/2.0" 200 8631 "-" "Mozilla/5.0 (X11; Linux x86_64; rv:11.0a2) Gecko/20111230 Firefox/11.0a2 Iceweasel/11.0a2"
193.202.14.166 - - [09/Jun/2024:22:22:57 +0200] "REQUESTS / HTTP/2.0" 200 8645 "-" "Mozilla/5.0 (iPhone; U; CPU iPhone OS 3_0 like Mac OS X; en-us) AppleWebKit/528.18 (KHTML, like Gecko) Version/4.0 Mobile/7A341 Safari/528.16"
45.140.205.29 - - [09/Jun/2024:22:22:57 +0200] "REQUESTS / HTTP/2.0" 200 8631 "-" "Mozilla/4.0 (compatible; MSIE 8.0; Windows NT 6.1; WOW64; Trident/4.0; SLCC2; .NET CLR 2.0.50727; InfoPath.2)"
185.61.223.28 - - [09/Jun/2024:22:22:57 +0200] "REQUESTS / HTTP/2.0" 200 8621 "-" "Mozilla/5.0 (Windows; U; Windows NT 5.1; en-US; rv:1.7.10)"
141.98.87.240 - - [09/Jun/2024:22:22:57 +0200] "REQUESTS / HTTP/2.0" 200 8594 "-" "SonyEricssonK610i/R1CB Browser/NetFront/3.3 Profile/MIDP-2.0 Configuration/CLDC-1.1"
146.185.203.90 - - [09/Jun/2024:22:22:57 +0200] "REQUESTS / HTTP/2.0" 200 8645 "-" "Mozilla/5.0 (iPad; U; CPU OS 3_2 like Mac OS X; en-us) AppleWebKit/531.21.10 (KHTML, like Gecko) Version/4.0.4 Mobile/7B334b Safari/531.21.10"
193.163.92.92 - - [09/Jun/2024:22:22:57 +0200] "REQUESTS / HTTP/2.0" 200 8599 "-" "Mozilla/5.0 (Windows NT 6.1; Win64; x64) AppleWebKit/537.36 (KHTML, like Gecko) Chrome/76.0.3809.100 Safari/537.36"
83.97.119.103 - - [09/Jun/2024:22:22:57 +0200] "REQUESTS / HTTP/2.0" 200 8596 "-" "Mozilla/5.0 (X11; U; FreeBSD; i386; en-US; rv:1.7) Gecko"
193.202.87.34 - - [09/Jun/2024:22:22:57 +0200] "REQUESTS / HTTP/2.0" 200 8631 "-" "Mozilla/5.0 (Macintosh; Intel Mac OS X 10_13_6) AppleWebKit/537.36 (KHTML, like Gecko) Chrome/77.0.3865.90 Safari/537.36"
146.19.78.25 - - [09/Jun/2024:22:22:57 +0200] "REQUESTS / HTTP/2.0" 200 8602 "-" "Mozilla/5.0 (Linux; U; Android 4.0.3; de-de; Galaxy S II Build/GRJ22) AppleWebKit/534.30 (KHTML, like Gecko) Version/4.0 Mobile Safari/534.30"
45.132.186.81 - - [09/Jun/2024:22:22:57 +0200] "REQUESTS / HTTP/2.0" 200 8601 "-" "Mozilla/5.0 (compatible; Exabot/3.0; http://www.exabot.com/go/robot)"
45.140.205.188 - - [09/Jun/2024:22:22:57 +0200] "REQUESTS / HTTP/2.0" 200 8602 "-" "Mozilla/5.0 (Windows NT 10.0; Win64; x64) AppleWebKit/537.36 (KHTML, like Gecko) Chrome/93.0.4577.82 Safari/537.36 OPR/79.0.4143.72"
83.97.118.69 - - [09/Jun/2024:22:22:57 +0200] "REQUESTS / HTTP/2.0" 200 8583 "-" "Nokia6100/1.0 (04.01) Profile/MIDP-1.0 Configuration/CLDC-1.0"
83.171.224.100 - - [09/Jun/2024:22:22:57 +0200] "REQUESTS / HTTP/2.0" 200 8596 "-" "Mozilla/5.0 (Macintosh; Intel Mac OS X 10_15_0) AppleWebKit/537.36 (KHTML, like Gecko) Chrome/77.0.3865.90 Safari/537.36"
83.97.117.148 - - [09/Jun/2024:22:22:57 +0200] "REQUESTS / HTTP/2.0" 200 8599 "-" "Mozilla/4.0 (compatible; MSIE 7.0; Windows NT 6.0; Trident/5.0)"
46.161.57.167 - - [09/Jun/2024:22:22:57 +0200] "REQUESTS / HTTP/2.0" 200 8597 "-" "Mozilla/5.0 (Windows NT 10.0; WOW64) AppleWebKit/537.36 (KHTML, like Gecko) Chrome/76.0.3809.132 YaBrowser/19.9.3.314 Yowser/2.5 Safari/537.36"
178.20.214.78 - - [09/Jun/2024:22:22:57 +0200] "REQUESTS / HTTP/2.0" 200 8583 "-" "Mozilla/5.0 (X11; U; OpenBSD arm; en-us) AppleWebKit/531.2 (KHTML, like Gecko) Safari/531.2 Epiphany/2.30.0"
212.119.47.154 - - [09/Jun/2024:22:22:57 +0200] "REQUESTS / HTTP/2.0" 200 8597 "-" "msnbot/1.1 ( http://search.msn.com/msnbot.htm)"
45.140.204.250 - - [09/Jun/2024:22:22:57 +0200] "REQUESTS / HTTP/2.0" 200 8610 "-" "Mozilla/5.0 (Windows NT 10.0; Win64; x64) AppleWebKit/537.36 (KHTML, like Gecko) Chrome/76.0.3809.132 Safari/537.36 OPR/63.0.3368.107"
185.50.251.18 - - [09/Jun/2024:22:22:57 +0200] "REQUESTS / HTTP/2.0" 200 8594 "-" "Mozilla/5.0 (Windows NT 6.2) AppleWebKit/535.7 (KHTML, like Gecko) Comodo_Dragon/16.1.1.0 Chrome/16.0.912.63 Safari/535.7"
91.247.163.77 - - [09/Jun/2024:22:22:57 +0200] "REQUESTS / HTTP/2.0" 200 8621 "-" "Mozilla/5.0 (Macintosh; U; Intel Mac OS X 10_5_7;en-us) AppleWebKit/530.17 (KHTML, like Gecko) Version/4.0 Safari/530.17"
193.202.8.70 - - [09/Jun/2024:22:22:57 +0200] "REQUESTS / HTTP/2.0" 200 8589 "-" "Mozilla/5.0 (Windows NT 6.2) AppleWebKit/535.7 (KHTML, like Gecko) Comodo_Dragon/16.1.1.0 Chrome/16.0.912.63 Safari/535.7"
185.61.219.86 - - [09/Jun/2024:22:22:57 +0200] "REQUESTS / HTTP/2.0" 200 8593 "-" "Mozilla/5.0 (Windows NT 10.0; Win64; x64) AppleWebKit/537.36 (KHTML, like Gecko) Chrome/77.0.3865.75 Safari/537.36"
217.145.226.208 - - [09/Jun/2024:22:22:57 +0200] "REQUESTS / HTTP/2.0" 200 8601 "-" "Lynx/2.8.5rel.5 libwww-FM/2.14 SSL-MM/1.4.1 OpenSSL/0.9.7i"
141.98.87.240 - - [09/Jun/2024:22:22:57 +0200] "REQUESTS / HTTP/2.0" 200 8645 "-" "SonyEricssonK610i/R1CB Browser/NetFront/3.3 Profile/MIDP-2.0 Configuration/CLDC-1.1"
185.68.153.172 - - [09/Jun/2024:22:22:57 +0200] "REQUESTS / HTTP/2.0" 200 8583 "-" "Mozilla/5.0 (Windows; U; Windows NT 5.0; de-DE; rv:1.7.8)"
46.161.63.68 - - [09/Jun/2024:22:22:57 +0200] "REQUESTS / HTTP/2.0" 200 8594 "-" "Mozilla/5.0 (X11; Linux x86_64; rv:70.0) Gecko/20100101 Firefox/70.0"
194.104.8.184 - - [09/Jun/2024:22:22:57 +0200] "REQUESTS / HTTP/2.0" 200 8621 "-" "Mozilla/5.0 (Windows NT 10.0; Win64; x64) AppleWebKit/537.36 (KHTML, like Gecko) Chrome/94.0.4606.81 Safari/537.36 OPR/80.0.4170.63"
46.253.131.33 - - [09/Jun/2024:22:22:57 +0200] "REQUESTS / HTTP/2.0" 200 8589 "-" "Mozilla/4.0(compatible; MSIE 5.0; Windows 98; DigExt)"
94.154.113.203 - - [09/Jun/2024:22:22:57 +0200] "REQUESTS / HTTP/2.0" 200 8643 "-" "Mozilla/4.0 (compatible; MSIE 5.5; AOL 7.0; Windows 98)"
212.119.47.46 - - [09/Jun/2024:22:22:57 +0200] "REQUESTS / HTTP/2.0" 200 8750 "-" "Mozilla/4.0 (compatible; MSIE 6.0; Windows NT 5.1; SV1; .NET CLR 2.0.50727; .NET4.0C; .NET4.0E"
45.148.235.74 - - [09/Jun/2024:22:22:57 +0200] "REQUESTS / HTTP/2.0" 200 8594 "-" "Mozilla/4.0 (compatible; MSIE 8.0; Windows NT 6.0; Trident/4.0; Acoo Browser; GTB5; Mozilla/4.0 (compatible; MSIE 6.0; Windows NT 5.1; SV1) ; InfoPath.1; .NET CLR 3.5.30729; .NET CLR 3.0.30618)"
45.140.207.207 - - [09/Jun/2024:22:22:57 +0200] "REQUESTS / HTTP/2.0" 200 8583 "-" "Mozilla/5.0 (X11; Linux x86_64; rv:11.0a2) Gecko/20111230 Firefox/11.0a2 Iceweasel/11.0a2"
83.97.119.103 - - [09/Jun/2024:22:22:57 +0200] "REQUESTS / HTTP/2.0" 200 8583 "-" "Mozilla/5.0 (X11; U; FreeBSD; i386; en-US; rv:1.7) Gecko"
193.202.81.178 - - [09/Jun/2024:22:22:57 +0200] "REQUESTS / HTTP/2.0" 200 8610 "-" "Mozilla/5.0 (Windows NT 6.1; WOW64) AppleWebKit/537.36 (KHTML, like Gecko) Chrome/47.0.2526.111 Safari/537.36"
193.163.92.92 - - [09/Jun/2024:22:22:57 +0200] "REQUESTS / HTTP/2.0" 200 8593 "-" "Mozilla/5.0 (Windows NT 6.1; Win64; x64) AppleWebKit/537.36 (KHTML, like Gecko) Chrome/76.0.3809.100 Safari/537.36"
83.171.224.100 - - [09/Jun/2024:22:22:57 +0200] "REQUESTS / HTTP/2.0" 200 8618 "-" "Mozilla/5.0 (Macintosh; Intel Mac OS X 10_15_0) AppleWebKit/537.36 (KHTML, like Gecko) Chrome/77.0.3865.90 Safari/537.36"
83.97.116.32 - - [09/Jun/2024:22:22:57 +0200] "REQUESTS / HTTP/2.0" 200 8602 "-" "SonyEricssonW810i/R4EA Browser/NetFront/3.3 Profile/MIDP-2.0 Configuration/CLDC-1.1 UP.Link/6.3.0.0.0"
213.108.0.83 - - [09/Jun/2024:22:22:57 +0200] "REQUESTS / HTTP/2.0" 200 8596 "-" "Mozilla/5.0 (Windows NT 10.0; Win64; x64) AppleWebKit/537.36 (KHTML, like Gecko) Chrome/64.0.3282.140 Safari/537.36 Edge/18.17763"
77.243.90.203 - - [09/Jun/2024:22:22:57 +0200] "REQUESTS / HTTP/2.0" 200 8602 "-" "SonyEricssonK810i/R1KG Browser/NetFront/3.3 Profile/MIDP-2.0 Configuration/CLDC-1.1"
141.98.84.182 - - [09/Jun/2024:22:22:57 +0200] "REQUESTS / HTTP/2.0" 200 8602 "-" "Mozilla/5.0 (Windows NT 6.1) AppleWebKit/535.2 (KHTML, like Gecko) Chrome/18.6.872.0 Safari/535.2 UNTRUSTED/1.0 3gpp-gba UNTRUSTED/1.0"
146.185.203.90 - - [09/Jun/2024:22:22:57 +0200] "REQUESTS / HTTP/2.0" 200 8596 "-" "Mozilla/5.0 (iPad; U; CPU OS 3_2 like Mac OS X; en-us) AppleWebKit/531.21.10 (KHTML, like Gecko) Version/4.0.4 Mobile/7B334b Safari/531.21.10"
185.89.43.243 - - [09/Jun/2024:22:22:57 +0200] "REQUESTS / HTTP/2.0" 200 8602 "-" "Nokia6100/1.0 (04.01) Profile/MIDP-1.0 Configuration/CLDC-1.0"
45.159.21.247 - - [09/Jun/2024:22:22:57 +0200] "REQUESTS / HTTP/2.0" 200 8601 "-" "Mozilla/5.0 (compatible; Konqueror/3.4; Linux 2.6.14-kanotix-9; X11)"
45.88.13.18 - - [09/Jun/2024:22:22:57 +0200] "REQUESTS / HTTP/2.0" 200 8621 "-" "Mozilla/5.0 (PLAYSTATION 3; 3.55)"
45.140.204.250 - - [09/Jun/2024:22:22:57 +0200] "REQUESTS / HTTP/2.0" 200 8596 "-" "Mozilla/5.0 (Windows NT 10.0; Win64; x64) AppleWebKit/537.36 (KHTML, like Gecko) Chrome/76.0.3809.132 Safari/537.36 OPR/63.0.3368.107"
45.88.13.132 - - [09/Jun/2024:22:22:57 +0200] "REQUESTS / HTTP/2.0" 200 8643 "-" "Mozilla/5.0 (Macintosh; Intel Mac OS X 10.6; rv:2.0.1) Gecko/20100101 Firefox/4.0.1"
141.98.87.240 - - [09/Jun/2024:22:22:57 +0200] "REQUESTS / HTTP/2.0" 200 8601 "-" "SonyEricssonK610i/R1CB Browser/NetFront/3.3 Profile/MIDP-2.0 Configuration/CLDC-1.1"
46.161.57.167 - - [09/Jun/2024:22:22:57 +0200] "REQUESTS / HTTP/2.0" 200 8618 "-" "Mozilla/5.0 (Windows NT 10.0; WOW64) AppleWebKit/537.36 (KHTML, like Gecko) Chrome/76.0.3809.132 YaBrowser/19.9.3.314 Yowser/2.5 Safari/537.36"
85.239.51.58 - - [09/Jun/2024:22:22:56 +0200] "REQUESTS / HTTP/2.0" 200 8750 "-" "Mozilla/5.0 (iPhone; U; CPU iPhone OS 4_0 like Mac OS X; en-us) AppleWebKit/532.9 (KHTML, like Gecko) Version/4.0.5 Mobile/8A293 Safari/531.22.7"
193.202.14.166 - - [09/Jun/2024:22:22:57 +0200] "REQUESTS / HTTP/2.0" 200 8583 "-" "Mozilla/5.0 (iPhone; U; CPU iPhone OS 3_0 like Mac OS X; en-us) AppleWebKit/528.18 (KHTML, like Gecko) Version/4.0 Mobile/7A341 Safari/528.16"
91.247.163.77 - - [09/Jun/2024:22:22:57 +0200] "REQUESTS / HTTP/2.0" 200 8593 "-" "Mozilla/5.0 (Macintosh; U; Intel Mac OS X 10_5_7;en-us) AppleWebKit/530.17 (KHTML, like Gecko) Version/4.0 Safari/530.17"
45.159.21.112 - - [09/Jun/2024:22:22:57 +0200] "REQUESTS / HTTP/2.0" 200 8596 "-" "Links (2.1pre15; Linux 2.4.26 i686; 158x61)"
83.97.117.148 - - [09/Jun/2024:22:22:57 +0200] "REQUESTS / HTTP/2.0" 200 8593 "-" "Mozilla/4.0 (compatible; MSIE 7.0; Windows NT 6.0; Trident/5.0)"
46.253.131.33 - - [09/Jun/2024:22:22:57 +0200] "REQUESTS / HTTP/2.0" 200 8596 "-" "Mozilla/4.0(compatible; MSIE 5.0; Windows 98; DigExt)"
91.243.95.67 - - [09/Jun/2024:22:22:57 +0200] "REQUESTS / HTTP/2.0" 200 8594 "-" "Python-urllib/2.5"
212.119.47.154 - - [09/Jun/2024:22:22:57 +0200] "REQUESTS / HTTP/2.0" 200 8618 "-" "msnbot/1.1 ( http://search.msn.com/msnbot.htm)"
193.233.89.174 - - [09/Jun/2024:22:22:57 +0200] "REQUESTS / HTTP/2.0" 200 8582 "-" "Opera/8.53 (Windows NT 5.1; U; en)"
217.145.226.208 - - [09/Jun/2024:22:22:57 +0200] "REQUESTS / HTTP/2.0" 200 8583 "-" "Lynx/2.8.5rel.5 libwww-FM/2.14 SSL-MM/1.4.1 OpenSSL/0.9.7i"
193.187.92.183 - - [09/Jun/2024:22:22:57 +0200] "REQUESTS / HTTP/2.0" 200 8597 "-" "Mozilla/5.0 (Windows; U; Windows NT 5.0; en-US; rv:1.7.2)"
46.161.63.68 - - [09/Jun/2024:22:22:57 +0200] "REQUESTS / HTTP/2.0" 200 8621 "-" "Mozilla/5.0 (X11; Linux x86_64; rv:70.0) Gecko/20100101 Firefox/70.0"
193.151.188.39 - - [09/Jun/2024:22:22:57 +0200] "REQUESTS / HTTP/2.0" 200 8645 "-" "Wget/1.10.1"
45.140.204.250 - - [09/Jun/2024:22:22:57 +0200] "REQUESTS / HTTP/2.0" 200 8601 "-" "Mozilla/5.0 (Windows NT 10.0; Win64; x64) AppleWebKit/537.36 (KHTML, like Gecko) Chrome/76.0.3809.132 Safari/537.36 OPR/63.0.3368.107"
45.132.187.221 - - [09/Jun/2024:22:22:57 +0200] "REQUESTS / HTTP/2.0" 200 8597 "-" "Mozilla/4.5 [de] (Macintosh; I; PPC)"
185.89.42.124 - - [09/Jun/2024:22:22:57 +0200] "REQUESTS / HTTP/2.0" 200 8750 "-" "Mozilla/4.0 (compatible; MSIE 7.0; Windows NT 5.1; Trident/4.0; .NET CLR 2.0.50727; .NET CLR 3.0.4506.2152; .NET CLR 3.5.30729)"
141.98.87.240 - - [09/Jun/2024:22:22:57 +0200] "REQUESTS / HTTP/2.0" 200 8620 "-" "SonyEricssonK610i/R1CB Browser/NetFront/3.3 Profile/MIDP-2.0 Configuration/CLDC-1.1"
193.187.95.185 - - [09/Jun/2024:22:22:57 +0200] "REQUESTS / HTTP/2.0" 200 8613 "-" "Mozilla/5.0 (X11; U; Linux x86_64; en-US; rv:1.9.2.9) Gecko/20100915 Gentoo Firefox/3.6.9"
193.202.85.116 - - [09/Jun/2024:22:22:57 +0200] "REQUESTS / HTTP/2.0" 200 8583 "-" "Mozilla/5.0 (Windows NT 10.0; Win64; x64) AppleWebKit/537.36 (KHTML, like Gecko) Chrome/76.0.3809.132 Safari/537.36 OPR/63.0.3368.107"
146.185.203.90 - - [09/Jun/2024:22:22:57 +0200] "REQUESTS / HTTP/2.0" 200 8621 "-" "Mozilla/5.0 (iPad; U; CPU OS 3_2 like Mac OS X; en-us) AppleWebKit/531.21.10 (KHTML, like Gecko) Version/4.0.4 Mobile/7B334b Safari/531.21.10"
83.97.116.32 - - [09/Jun/2024:22:22:57 +0200] "REQUESTS / HTTP/2.0" 200 8599 "-" "SonyEricssonW810i/R4EA Browser/NetFront/3.3 Profile/MIDP-2.0 Configuration/CLDC-1.1 UP.Link/6.3.0.0.0"
194.104.8.184 - - [09/Jun/2024:22:22:57 +0200] "REQUESTS / HTTP/2.0" 200 8583 "-" "Mozilla/5.0 (Windows NT 10.0; Win64; x64) AppleWebKit/537.36 (KHTML, like Gecko) Chrome/94.0.4606.81 Safari/537.36 OPR/80.0.4170.63"
45.132.184.90 - - [09/Jun/2024:22:22:57 +0200] "REQUESTS / HTTP/2.0" 200 8602 "-" "Bloglines/3.1 (http://www.bloglines.com)"
91.247.163.77 - - [09/Jun/2024:22:22:57 +0200] "REQUESTS / HTTP/2.0" 200 8750 "-" "Mozilla/5.0 (Macintosh; U; Intel Mac OS X 10_5_7;en-us) AppleWebKit/530.17 (KHTML, like Gecko) Version/4.0 Safari/530.17"
193.202.81.55 - - [09/Jun/2024:22:22:57 +0200] "REQUESTS / HTTP/2.0" 200 8618 "-" "Mozilla/4.0 (compatible; MSIE 7.0; Windows NT 5.1; SV1; .NET CLR 1.1.4322; .NET CLR 2.0.50727)"
212.119.47.46 - - [09/Jun/2024:22:22:57 +0200] "REQUESTS / HTTP/2.0" 200 8599 "-" "Mozilla/4.0 (compatible; MSIE 6.0; Windows NT 5.1; SV1; .NET CLR 2.0.50727; .NET4.0C; .NET4.0E"
45.159.21.112 - - [09/Jun/2024:22:22:57 +0200] "REQUESTS / HTTP/2.0" 200 8596 "-" "Links (2.1pre15; Linux 2.4.26 i686; 158x61)"
45.140.205.188 - - [09/Jun/2024:22:22:57 +0200] "REQUESTS / HTTP/2.0" 200 8589 "-" "Mozilla/5.0 (Windows NT 10.0; Win64; x64) AppleWebKit/537.36 (KHTML, like Gecko) Chrome/93.0.4577.82 Safari/537.36 OPR/79.0.4143.72"
45.88.13.132 - - [09/Jun/2024:22:22:57 +0200] "REQUESTS / HTTP/2.0" 200 8749 "-" "Mozilla/5.0 (Macintosh; Intel Mac OS X 10.6; rv:2.0.1) Gecko/20100101 Firefox/4.0.1"
185.61.219.86 - - [09/Jun/2024:22:22:57 +0200] "REQUESTS / HTTP/2.0" 200 8601 "-" "Mozilla/5.0 (Windows NT 10.0; Win64; x64) AppleWebKit/537.36 (KHTML, like Gecko) Chrome/77.0.3865.75 Safari/537.36"
79.110.28.198 - - [09/Jun/2024:22:22:57 +0200] "REQUESTS / HTTP/2.0" 200 8610 "-" "Mozilla/5.0 (Linux; U; Android 1.5; en-us; sdk Build/CUPCAKE) AppleWebkit/528.5 (KHTML, like Gecko) Version/3.1.2 Mobile Safari/525.20.1"
185.68.152.50 - - [09/Jun/2024:22:22:57 +0200] "REQUESTS / HTTP/2.0" 200 8596 "-" "Mozilla/5.0 (PLAYSTATION 3; 2.00)"
46.253.131.33 - - [09/Jun/2024:22:22:57 +0200] "REQUESTS / HTTP/2.0" 200 8598 "-" "Mozilla/4.0(compatible; MSIE 5.0; Windows 98; DigExt)"
185.14.194.158 - - [09/Jun/2024:22:22:57 +0200] "REQUESTS / HTTP/2.0" 200 8583 "-" "Mozilla/5.0 (X11; U; Linux x86_64; en-US; rv:1.9.1.3) Gecko/20091020 Linux Mint/8 (Helena) Firefox/3.5.3"
45.148.232.107 - - [09/Jun/2024:22:22:57 +0200] "REQUESTS / HTTP/2.0" 200 8601 "-" "Mozilla/5.0 (iPhone; U; CPU iPhone OS 4_3 like Mac OS X; de-de) AppleWebKit/533.17.9 (KHTML, like Gecko) Mobile/8F190"
185.88.103.99 - - [09/Jun/2024:22:22:57 +0200] "REQUESTS / HTTP/2.0" 200 8621 "-" "tnftp/20050625"
193.202.8.70 - - [09/Jun/2024:22:22:57 +0200] "REQUESTS / HTTP/2.0" 200 8613 "-" "Mozilla/5.0 (Windows NT 6.2) AppleWebKit/535.7 (KHTML, like Gecko) Comodo_Dragon/16.1.1.0 Chrome/16.0.912.63 Safari/535.7"
46.161.57.138 - - [09/Jun/2024:22:22:57 +0200] "REQUESTS / HTTP/2.0" 200 8583 "-" "Mozilla/5.0 (Symbian/3; Series60/5.2 NokiaN8-00/014.002; Profile/MIDP-2.1 Configuration/CLDC-1.1; en-us) AppleWebKit/525 (KHTML, like Gecko) Version/3.0 BrowserNG/7.2.6.4 3gpp-gba"
83.171.226.170 - - [09/Jun/2024:22:22:57 +0200] "REQUESTS / HTTP/2.0" 200 8583 "-" "Mozilla/5.0 (Windows; U; Windows NT 5.0; de-DE; rv:1.7.6)"
217.145.226.208 - - [09/Jun/2024:22:22:57 +0200] "REQUESTS / HTTP/2.0" 200 8618 "-" "Lynx/2.8.5rel.5 libwww-FM/2.14 SSL-MM/1.4.1 OpenSSL/0.9.7i"
193.202.10.41 - - [09/Jun/2024:22:22:57 +0200] "REQUESTS / HTTP/2.0" 200 8599 "-" "Mozilla/5.0 (Windows NT 6.1; WOW64; Trident/7.0; rv:11.0) like Gecko"
45.132.186.168 - - [09/Jun/2024:22:22:57 +0200] "REQUESTS / HTTP/2.0" 200 8599 "-" "Wget/1.8.1"
141.98.87.240 - - [09/Jun/2024:22:22:57 +0200] "REQUESTS / HTTP/2.0" 200 8599 "-" "SonyEricssonK610i/R1CB Browser/NetFront/3.3 Profile/MIDP-2.0 Configuration/CLDC-1.1"
45.140.204.250 - - [09/Jun/2024:22:22:57 +0200] "REQUESTS / HTTP/2.0" 200 8601 "-" "Mozilla/5.0 (Windows NT 10.0; Win64; x64) AppleWebKit/537.36 (KHTML, like Gecko) Chrome/76.0.3809.132 Safari/537.36 OPR/63.0.3368.107"
193.202.13.124 - - [09/Jun/2024:22:22:57 +0200] "REQUESTS / HTTP/2.0" 200 8602 "-" "MOT-V177/0.1.75 UP.Browser/6.2.3.9.c.12 (GUI) MMP/2.0 UP.Link/6.3.1.13.0"
83.97.119.103 - - [09/Jun/2024:22:22:57 +0200] "REQUESTS / HTTP/2.0" 200 8621 "-" "Mozilla/5.0 (X11; U; FreeBSD; i386; en-US; rv:1.7) Gecko"
185.89.43.243 - - [09/Jun/2024:22:22:57 +0200] "REQUESTS / HTTP/2.0" 200 8643 "-" "Nokia6100/1.0 (04.01) Profile/MIDP-1.0 Configuration/CLDC-1.0"
45.140.207.207 - - [09/Jun/2024:22:22:57 +0200] "REQUESTS / HTTP/2.0" 200 8597 "-" "Mozilla/5.0 (X11; Linux x86_64; rv:11.0a2) Gecko/20111230 Firefox/11.0a2 Iceweasel/11.0a2"
193.151.188.39 - - [09/Jun/2024:22:22:57 +0200] "REQUESTS / HTTP/2.0" 200 8621 "-" "Wget/1.10.1"
45.148.126.142 - - [09/Jun/2024:22:22:57 +0200] "REQUESTS / HTTP/2.0" 200 8594 "-" "Mozilla/5.0 (Macintosh; Intel Mac OS X 10_15_0) AppleWebKit/537.36 (KHTML, like Gecko) Chrome/77.0.3865.90 Safari/537.36"
93.177.119.202 - - [09/Jun/2024:22:22:57 +0200] "REQUESTS / HTTP/2.0" 200 8645 "-" "Mozilla/5.0 (X11; U; Linux i686; en-US; rv:1.8.1.16) Gecko/20080716 (Gentoo) Galeon/2.0.6"
185.212.115.133 - - [09/Jun/2024:22:22:57 +0200] "REQUESTS / HTTP/2.0" 200 8597 "-" "Mozilla/4.0 (compatible; MSIE 6.0; Windows NT 5.2; de) Opera 8.53"
46.161.63.68 - - [09/Jun/2024:22:22:57 +0200] "REQUESTS / HTTP/2.0" 200 8594 "-" "Mozilla/5.0 (X11; Linux x86_64; rv:70.0) Gecko/20100101 Firefox/70.0"
91.243.88.25 - - [09/Jun/2024:22:22:57 +0200] "REQUESTS / HTTP/2.0" 200 8589 "-" "Mozilla/5.0 (Windows; U; Windows NT 5.0; en-US; rv:1.8.0.1) Gecko/20060111 Firefox/1.5.0.1"
91.246.51.112 - - [09/Jun/2024:22:22:57 +0200] "REQUESTS / HTTP/2.0" 200 8618 "-" "Mozilla/4.0 (compatible; MSIE 5.5; Windows 98; Win 9x 4.90)"
193.151.191.140 - - [09/Jun/2024:22:22:57 +0200] "REQUESTS / HTTP/2.0" 200 8618 "-" "Mozilla/5.0 (Macintosh; U; PPC Mac OS X 10.5; en-US; rv:1.9.2.15) Gecko/20110303 Firefox/3.6.15"
